2026-08-17 06:04:05 upgrade candidate: 4dbe6e1cf38687297f2f3aeac59f1642535bc4b1 -> a15e1ea358860973b557a16f8ceb9470659de5e5
Preparing worktree (detached HEAD a15e1ea)
HEAD is now at a15e1ea fix(CXA-B051): /api/openapi.json returns 404 — OpenAPI spec endpoint shipped with zero implementation (CXA-B047 not actually fixed) (#202)
   Compiling proc-macro2 v1.0.106
   Compiling unicode-ident v1.0.24
   Compiling quote v1.0.46
   Compiling libc v0.2.186
   Compiling cc v1.0.106
   Compiling cfg-if v1.0.4
   Compiling memchr v2.8.3
   Compiling bytes v1.11.1
   Compiling pin-project-lite v0.2.17
   Compiling typenum v1.20.1
   Compiling itoa v1.0.18
   Compiling futures-core v0.3.33
   Compiling serde_core v1.0.228
   Compiling version_check v0.9.5
   Compiling futures-sink v0.3.33
   Compiling once_cell v1.21.4
   Compiling log v0.4.33
   Compiling stable_deref_trait v1.2.1
   Compiling futures-io v0.3.33
   Compiling smallvec v1.15.2
   Compiling aho-corasick v1.1.4
   Compiling subtle v2.6.1
   Compiling regex-syntax v0.8.11
   Compiling generic-array v0.14.7
   Compiling futures-task v0.3.33
   Compiling slab v0.4.12
   Compiling tracing-core v0.1.36
   Compiling tree-sitter v0.22.6
   Compiling zerocopy v0.8.54
   Compiling ring v0.17.9
   Compiling percent-encoding v2.3.2
   Compiling syn v2.0.118
   Compiling crypto-common v0.1.7
   Compiling block-buffer v0.10.4
   Compiling http v1.4.2
   Compiling bitflags v2.13.0
   Compiling errno v0.3.14
   Compiling signal-hook-registry v1.4.8
   Compiling socket2 v0.6.4
   Compiling mio v1.2.1
   Compiling getrandom v0.2.17
   Compiling regex-automata v0.4.15
   Compiling litemap v0.8.2
   Compiling writeable v0.6.3
   Compiling digest v0.10.7
   Compiling equivalent v1.0.2
   Compiling utf8_iter v1.0.4
   Compiling icu_properties_data v2.2.0
   Compiling hashbrown v0.17.1
   Compiling icu_normalizer_data v2.2.0
   Compiling zmij v1.0.21
   Compiling crunchy v0.2.4
   Compiling indexmap v2.14.0
   Compiling untrusted v0.9.0
   Compiling serde_json v1.0.150
   Compiling rand_core v0.10.1
   Compiling getrandom v0.4.3
   Compiling serde v1.0.228
   Compiling synstructure v0.13.2
   Compiling rand_core v0.6.4
   Compiling hybrid-array v0.4.13
   Compiling futures-channel v0.3.32
   Compiling ppv-lite86 v0.2.21
   Compiling tinyvec_macros v0.1.1
   Compiling tiny-keccak v2.0.2
   Compiling httparse v1.10.1
   Compiling thiserror v1.0.69
   Compiling base64 v0.22.1
   Compiling tinyvec v1.12.0
   Compiling tokio-macros v2.7.0
   Compiling zerofrom-derive v0.1.7
   Compiling yoke-derive v0.8.2
   Compiling zerovec-derive v0.11.3
   Compiling futures-macro v0.3.33
   Compiling displaydoc v0.2.6
   Compiling tokio v1.52.3
   Compiling regex v1.13.0
   Compiling futures-util v0.3.33
   Compiling tracing-attributes v0.1.31
   Compiling serde_derive v1.0.228
   Compiling zerofrom v0.1.8
   Compiling thiserror-impl v1.0.69
   Compiling yoke v0.8.3
   Compiling async-trait v0.1.89
   Compiling zerovec v0.11.6
   Compiling tracing v0.1.44
   Compiling zerotrie v0.2.4
   Compiling tinystr v0.8.3
   Compiling potential_utf v0.1.5
   Compiling icu_collections v2.2.0
   Compiling icu_locale_core v2.2.0
   Compiling http-body v1.0.1
   Compiling form_urlencoded v1.2.2
   Compiling cmov v0.5.4
   Compiling ctutils v0.4.2
   Compiling block-buffer v0.12.1
   Compiling crypto-common v0.2.2
   Compiling tower-service v0.3.3
   Compiling const-oid v0.10.2
   Compiling getrandom v0.3.4
   Compiling autocfg v1.5.1
   Compiling const-random-macro v0.1.16
   Compiling icu_provider v2.2.0
   Compiling icu_normalizer v2.2.0
   Compiling icu_properties v2.2.0
   Compiling num-traits v0.2.19
   Compiling rand_chacha v0.3.1
   Compiling digest v0.11.3
   Compiling cpufeatures v0.2.17
   Compiling parking_lot_core v0.9.12
   Compiling zeroize v1.9.0
   Compiling ipnet v2.12.0
   Compiling byteorder v1.5.0
   Compiling rustls-pki-types v1.15.0
   Compiling rand v0.8.7
   Compiling const-random v0.1.18
   Compiling idna_adapter v1.2.2
   Compiling unicode-normalization v0.1.25
   Compiling idna v1.1.0
   Compiling macro_magic_core_macros v0.5.1
   Compiling derive-syn-parse v0.2.0
   Compiling time-core v0.1.9
   Compiling unicode-bidi v0.3.18
   Compiling data-encoding v2.11.0
   Compiling unicode-properties v0.1.4
   Compiling strsim v0.11.1
   Compiling url v2.5.8
   Compiling heck v0.5.0
   Compiling num-conv v0.2.2
   Compiling scopeguard v1.2.0
   Compiling try-lock v0.2.5
   Compiling ident_case v1.0.1
   Compiling tower-layer v0.3.3
   Compiling rustversion v1.0.23
   Compiling darling_core v0.23.0
   Compiling time-macros v0.2.31
   Compiling macro_magic_core v0.5.1
   Compiling want v0.3.1
   Compiling lock_api v0.4.14
   Compiling stringprep v0.1.5
   Compiling tokio-util v0.7.18
   Compiling chacha20 v0.10.1
   Compiling deranged v0.5.8
   Compiling semver v1.0.28
   Compiling cpufeatures v0.3.0
   Compiling sync_wrapper v1.0.2
   Compiling atomic-waker v1.1.2
   Compiling powerfmt v0.2.0
   Compiling radium v0.7.0
   Compiling rustls v0.23.42
   Compiling httpdate v1.0.3
   Compiling ryu v1.0.23
   Compiling hyper v1.10.1
   Compiling rustc_version v0.4.1
   Compiling sha2 v0.11.0
   Compiling rand v0.10.2
   Compiling time v0.3.53
   Compiling parking_lot v0.12.5
   Compiling darling_macro v0.23.0
   Compiling macro_magic_macros v0.5.1
   Compiling rand_core v0.9.5
   Compiling rustls-webpki v0.103.13
   Compiling hmac v0.13.0
   Compiling md-5 v0.11.0
   Compiling http-body-util v0.1.3
   Compiling objc2-core-foundation v0.3.2
   Compiling ahash v0.8.12
   Compiling lazy_static v1.5.0
   Compiling rustls v0.21.12
   Compiling fallible-iterator v0.2.0
   Compiling rustix v1.1.4
   Compiling syn v1.0.109
   Compiling tap v1.0.1
   Compiling thiserror v2.0.18
   Compiling siphasher v1.0.3
   Compiling postgres-protocol v0.6.12
   Compiling phf_shared v0.13.1
   Compiling objc2-system-configuration v0.3.2
   Compiling wyz v0.5.1
   Compiling hyper-util v0.1.20
   Compiling rand_chacha v0.9.0
   Compiling darling v0.23.0
   Compiling rustc_version_runtime v0.3.0
   Compiling tower v0.5.3
   Compiling enum-as-inner v0.6.1
   Compiling sha1 v0.10.7
   Compiling sct v0.7.1
   Compiling rustls-webpki v0.101.7
   Compiling thiserror-impl v2.0.18
   Compiling tree-sitter-javascript v0.21.4
   Compiling tree-sitter-swift v0.5.0
   Compiling tree-sitter-c v0.21.4
   Compiling tree-sitter-c-sharp v0.21.3
   Compiling tree-sitter-python v0.21.0
   Compiling tree-sitter-go v0.21.2
   Compiling tree-sitter-cpp v0.22.3
   Compiling tree-sitter-php v0.22.8
   Compiling tree-sitter-ruby v0.21.0
   Compiling tree-sitter-rust v0.21.2
   Compiling tree-sitter-java v0.21.0
   Compiling tree-sitter-typescript v0.21.2
   Compiling core-foundation-sys v0.8.7
   Compiling utf8parse v0.2.2
   Compiling cfg_aliases v0.1.1
   Compiling funty v2.0.0
   Compiling linked-hash-map v0.5.6
   Compiling iana-time-zone v0.1.65
   Compiling nix v0.28.0
   Compiling lru-cache v0.1.2
   Compiling anstyle-parse v1.0.0
   Compiling bitvec v1.1.1
   Compiling tokio-rustls v0.26.4
   Compiling hickory-proto v0.24.4
   Compiling serde_with_macros v3.21.0
   Compiling rand v0.9.5
   Compiling postgres-types v0.2.14
   Compiling phf v0.13.1
   Compiling whoami v2.1.2
   Compiling macro_magic v0.5.1
   Compiling serde_urlencoded v0.7.1
   Compiling num-integer v0.1.46
   Compiling webpki-roots v1.0.8
   Compiling deadpool-runtime v0.1.4
   Compiling uuid v1.23.5
   Compiling serde_path_to_error v0.1.20
   Compiling serde_bytes v0.11.19
   Compiling socket2 v0.5.10
   Compiling num_cpus v1.17.0
   Compiling multer v3.1.0
   Compiling base64ct v1.8.3
   Compiling utf-8 v0.7.6
   Compiling anyhow v1.0.103
   Compiling base64 v0.21.7
   Compiling anstyle v1.0.14
   Compiling is_terminal_polyfill v1.70.2
   Compiling resolv-conf v0.7.6
   Compiling anstyle-query v1.1.5
   Compiling mime v0.3.17
   Compiling either v1.16.0
   Compiling convert_case v0.4.0
   Compiling colorchoice v1.0.5
   Compiling hex v0.4.3
   Compiling anstream v1.0.0
   Compiling itertools v0.13.0
   Compiling derive_more v0.99.20
   Compiling bson v2.15.0
   Compiling rustls-pemfile v1.0.4
   Compiling password-hash v0.5.0
   Compiling tungstenite v0.24.0
   Compiling hickory-resolver v0.24.4
   Compiling deadpool v0.12.3
   Compiling num-bigint v0.4.8
   Compiling typed-builder v0.10.0
   Compiling hyper-rustls v0.27.9
   Compiling mongodb-internal-macros v3.8.0
   Compiling tokio-postgres v0.7.18
   Compiling tokio-rustls v0.24.1
   Compiling serde_with v3.21.0
   Compiling coxagent-domain v2.26.1 (/Users/steverogers/CoXAgent/cox/codebase/.coxagent-self-upgrade/build-tree/crates/domain)
   Compiling chrono v0.4.45
   Compiling tower-http v0.6.11
   Compiling arc-swap v1.9.2
   Compiling combine v4.6.7
   Compiling sha-1 v0.10.1
   Compiling sha2 v0.10.9
   Compiling futures-executor v0.3.32
   Compiling derive-where v1.6.1
   Compiling md-5 v0.10.6
   Compiling hmac v0.12.1
   Compiling blake2 v0.10.6
   Compiling pbkdf2 v0.11.0
   Compiling encoding_rs v0.8.35
   Compiling spin v0.9.8
   Compiling take_mut v0.2.2
   Compiling clap_lex v1.1.0
   Compiling bitflags v1.3.2
   Compiling sha1_smol v1.0.1
   Compiling base64 v0.13.1
   Compiling webpki-roots v0.25.4
   Compiling clap_builder v4.6.0
   Compiling argon2 v0.5.3
   Compiling deadpool-postgres v0.14.1
   Compiling mongodb v3.2.3
   Compiling reqwest v0.12.28
   Compiling coxagent-application v2.26.1 (/Users/steverogers/CoXAgent/cox/codebase/.coxagent-self-upgrade/build-tree/crates/application)
   Compiling redis v0.27.6
   Compiling tokio-tungstenite v0.24.0
   Compiling axum-core v0.4.5
   Compiling fs4 v0.13.1
   Compiling clap_derive v4.6.1
   Compiling filedescriptor v0.8.3
   Compiling serial2 v0.2.37
   Compiling shell-words v1.1.1
   Compiling downcast-rs v1.2.1
   Compiling matchit v0.7.3
   Compiling portable-pty v0.9.0
   Compiling tower-http v0.5.2
   Compiling sharded-slab v0.1.7
   Compiling clap v4.6.1
   Compiling axum v0.7.9
   Compiling tokio-stream v0.1.18
   Compiling coxagent-contracts v2.26.1 (/Users/steverogers/CoXAgent/cox/codebase/.coxagent-self-upgrade/build-tree/crates/contracts)
   Compiling matchers v0.2.0
   Compiling tracing-log v0.2.0
   Compiling thread_local v1.1.10
   Compiling nu-ansi-term v0.50.3
   Compiling unsafe-libyaml v0.2.11
   Compiling fastrand v2.4.1
   Compiling tracing-subscriber v0.3.23
   Compiling tempfile v3.27.0
   Compiling serde_yaml v0.9.34+deprecated
   Compiling coxagent-infrastructure v2.26.1 (/Users/steverogers/CoXAgent/cox/codebase/.coxagent-self-upgrade/build-tree/crates/infrastructure)
   Compiling coxagent-presentation v2.26.1 (/Users/steverogers/CoXAgent/cox/codebase/.coxagent-self-upgrade/build-tree/crates/presentation)
   Compiling coxagent-app v2.26.1 (/Users/steverogers/CoXAgent/cox/codebase/.coxagent-self-upgrade/build-tree/crates/app)
    Finished `release` profile [optimized] target(s) in 3m 24s
coxagent 2.26.1
/Users/steverogers/Projects/CoXAgent/desktop/build/CoXAgent.app/Contents/MacOS/cox-server: replacing existing signature
2026-08-17 06:08:14 UPGRADED to a15e1ea358860973b557a16f8ceb9470659de5e5 (hub answering on :4000)
2026-08-17 07:05:40 upgrade candidate: aa1fde99b41e631f7bd03fb69ed5f21ac49c6ee1 -> 4669009581ec8919433db93dece6a10a01558acb
Preparing worktree (detached HEAD 4669009)
HEAD is now at 4669009 feat(self-upgrade): watcher heartbeat file — the app shell swallows hub logs, so aliveness needs an on-disk observable
   Compiling proc-macro2 v1.0.106
   Compiling quote v1.0.46
   Compiling unicode-ident v1.0.24
   Compiling libc v0.2.186
   Compiling cc v1.0.106
   Compiling cfg-if v1.0.4
   Compiling memchr v2.8.3
   Compiling bytes v1.11.1
   Compiling pin-project-lite v0.2.17
   Compiling typenum v1.20.1
   Compiling itoa v1.0.18
   Compiling serde_core v1.0.228
   Compiling version_check v0.9.5
   Compiling futures-core v0.3.33
   Compiling futures-sink v0.3.33
   Compiling log v0.4.33
   Compiling once_cell v1.21.4
   Compiling smallvec v1.15.2
   Compiling stable_deref_trait v1.2.1
   Compiling futures-io v0.3.33
   Compiling aho-corasick v1.1.4
   Compiling regex-syntax v0.8.11
   Compiling subtle v2.6.1
   Compiling generic-array v0.14.7
   Compiling futures-task v0.3.33
   Compiling slab v0.4.12
   Compiling tracing-core v0.1.36
   Compiling tree-sitter v0.22.6
   Compiling zerocopy v0.8.54
   Compiling ring v0.17.9
   Compiling percent-encoding v2.3.2
   Compiling regex-automata v0.4.15
   Compiling regex v1.13.0
   Compiling http v1.4.2
   Compiling litemap v0.8.2
   Compiling bitflags v2.13.0
   Compiling writeable v0.6.3
   Compiling icu_normalizer_data v2.2.0
   Compiling utf8_iter v1.0.4
   Compiling equivalent v1.0.2
   Compiling hashbrown v0.17.1
   Compiling zmij v1.0.21
   Compiling icu_properties_data v2.2.0
   Compiling indexmap v2.14.0
   Compiling syn v2.0.118
   Compiling errno v0.3.14
   Compiling signal-hook-registry v1.4.8
   Compiling socket2 v0.6.4
   Compiling mio v1.2.1
   Compiling getrandom v0.2.17
   Compiling serde v1.0.228
   Compiling untrusted v0.9.0
   Compiling crypto-common v0.1.7
   Compiling block-buffer v0.10.4
   Compiling digest v0.10.7
   Compiling getrandom v0.4.3
   Compiling rand_core v0.10.1
   Compiling serde_json v1.0.150
   Compiling crunchy v0.2.4
   Compiling synstructure v0.13.2
   Compiling tokio-macros v2.7.0
   Compiling futures-macro v0.3.33
   Compiling zerovec-derive v0.11.3
   Compiling zerofrom-derive v0.1.7
   Compiling tokio v1.52.3
   Compiling yoke-derive v0.8.2
   Compiling futures-util v0.3.33
   Compiling displaydoc v0.2.6
   Compiling zerofrom v0.1.8
   Compiling tracing-attributes v0.1.31
   Compiling tracing v0.1.44
   Compiling ppv-lite86 v0.2.21
   Compiling serde_derive v1.0.228
   Compiling rand_core v0.6.4
   Compiling hybrid-array v0.4.13
   Compiling futures-channel v0.3.32
   Compiling thiserror v1.0.69
   Compiling base64 v0.22.1
   Compiling tiny-keccak v2.0.2
   Compiling httparse v1.10.1
   Compiling tinyvec_macros v0.1.1
   Compiling tinyvec v1.12.0
   Compiling yoke v0.8.3
   Compiling thiserror-impl v1.0.69
   Compiling async-trait v0.1.89
   Compiling http-body v1.0.1
   Compiling form_urlencoded v1.2.2
   Compiling cmov v0.5.4
   Compiling ctutils v0.4.2
   Compiling crypto-common v0.2.2
   Compiling block-buffer v0.12.1
   Compiling const-oid v0.10.2
   Compiling autocfg v1.5.1
   Compiling tower-service v0.3.3
   Compiling getrandom v0.3.4
   Compiling num-traits v0.2.19
   Compiling digest v0.11.3
   Compiling rand_chacha v0.3.1
   Compiling cpufeatures v0.2.17
   Compiling zeroize v1.9.0
   Compiling parking_lot_core v0.9.12
   Compiling ipnet v2.12.0
   Compiling byteorder v1.5.0
   Compiling rustls-pki-types v1.15.0
   Compiling rand v0.8.7
   Compiling unicode-normalization v0.1.25
   Compiling macro_magic_core_macros v0.5.1
   Compiling derive-syn-parse v0.2.0
   Compiling ident_case v1.0.1
   Compiling try-lock v0.2.5
   Compiling data-encoding v2.11.0
   Compiling num-conv v0.2.2
   Compiling time-core v0.1.9
   Compiling heck v0.5.0
   Compiling unicode-properties v0.1.4
   Compiling strsim v0.11.1
   Compiling unicode-bidi v0.3.18
   Compiling tower-layer v0.3.3
   Compiling scopeguard v1.2.0
   Compiling rustversion v1.0.23
   Compiling stringprep v0.1.5
   Compiling lock_api v0.4.14
   Compiling darling_core v0.23.0
   Compiling time-macros v0.2.31
   Compiling want v0.3.1
   Compiling tokio-util v0.7.18
   Compiling chacha20 v0.10.1
   Compiling semver v1.0.28
   Compiling deranged v0.5.8
   Compiling cpufeatures v0.3.0
   Compiling sync_wrapper v1.0.2
   Compiling rustls v0.23.42
   Compiling httpdate v1.0.3
   Compiling radium v0.7.0
   Compiling atomic-waker v1.1.2
   Compiling powerfmt v0.2.0
   Compiling ryu v1.0.23
   Compiling rustc_version v0.4.1
   Compiling time v0.3.53
   Compiling const-random-macro v0.1.16
   Compiling const-random v0.1.18
   Compiling hyper v1.10.1
   Compiling zerovec v0.11.6
   Compiling zerotrie v0.2.4
   Compiling rand_core v0.9.5
   Compiling parking_lot v0.12.5
   Compiling sha2 v0.11.0
   Compiling rand v0.10.2
   Compiling darling_macro v0.23.0
   Compiling rustls-webpki v0.103.13
   Compiling hmac v0.13.0
   Compiling md-5 v0.11.0
   Compiling http-body-util v0.1.3
   Compiling objc2-core-foundation v0.3.2
   Compiling ahash v0.8.12
   Compiling tap v1.0.1
   Compiling thiserror v2.0.18
   Compiling lazy_static v1.5.0
   Compiling siphasher v1.0.3
   Compiling syn v1.0.109
   Compiling rustix v1.1.4
   Compiling fallible-iterator v0.2.0
   Compiling rustls v0.21.12
   Compiling postgres-protocol v0.6.12
   Compiling phf_shared v0.13.1
2026-08-17 09:17:47 upgrade candidate: aa1fde99b41e631f7bd03fb69ed5f21ac49c6ee1 -> 575ad47017676cbbd23643eceff8e62890db3479
Preparing worktree (detached HEAD 575ad47)
HEAD is now at 575ad47 fix(forge): tree_hygiene stashes dirty WIP in slot worktrees
   Compiling proc-macro2 v1.0.106
   Compiling quote v1.0.46
   Compiling unicode-ident v1.0.24
   Compiling libc v0.2.186
   Compiling cc v1.0.106
   Compiling cfg-if v1.0.4
   Compiling memchr v2.8.3
   Compiling bytes v1.11.1
   Compiling pin-project-lite v0.2.17
   Compiling typenum v1.20.1
   Compiling itoa v1.0.18
   Compiling serde_core v1.0.228
   Compiling version_check v0.9.5
   Compiling futures-core v0.3.33
   Compiling futures-sink v0.3.33
   Compiling once_cell v1.21.4
   Compiling log v0.4.33
   Compiling futures-io v0.3.33
   Compiling smallvec v1.15.2
   Compiling stable_deref_trait v1.2.1
   Compiling aho-corasick v1.1.4
   Compiling regex-syntax v0.8.11
   Compiling subtle v2.6.1
   Compiling generic-array v0.14.7
   Compiling slab v0.4.12
   Compiling futures-task v0.3.33
   Compiling tracing-core v0.1.36
   Compiling zerocopy v0.8.54
   Compiling tree-sitter v0.22.6
   Compiling ring v0.17.9
   Compiling percent-encoding v2.3.2
   Compiling regex-automata v0.4.15
   Compiling regex v1.13.0
   Compiling http v1.4.2
   Compiling writeable v0.6.3
   Compiling litemap v0.8.2
   Compiling bitflags v2.13.0
   Compiling icu_normalizer_data v2.2.0
   Compiling equivalent v1.0.2
   Compiling icu_properties_data v2.2.0
   Compiling hashbrown v0.17.1
   Compiling utf8_iter v1.0.4
   Compiling zmij v1.0.21
   Compiling indexmap v2.14.0
